31-07-2026 10:55:40 [INFO] Start FilmServer application.
31-07-2026 10:55:40 [INFO] Load configuration files...
31-07-2026 10:55:41 [INFO] {"logging":{"log_dir":"./"},"connection":{"port":8080},"db":{"pathes":{"genres":"./data/genres.json","directors":"./data/directors.json","video":"./data/videos","films":"./data/films.json","actors":"./data/actors.json"}}}
31-07-2026 10:55:41 [INFO] Load configuration files - Ok.
31-07-2026 10:55:41 [INFO] Load data....
31-07-2026 10:55:41 [INFO] Load data - Ok.
31-07-2026 10:55:41 [INFO] Start http service...
31-07-2026 10:56:00 [INFO] Method - GET, target - /api/v1/search?by_genre=Sci-Fi, remote address - 127.0.0.1
31-07-2026 10:56:14 [INFO] Method - GET, target - /api/v1/search?by_genre=Sci, remote address - 127.0.0.1
31-07-2026 10:56:53 [INFO] Method - GET, target - /api/v1/search?by_actor=Meryl, remote address - 127.0.0.1
31-07-2026 11:05:27 [INFO] Method - GET, target - /api/v1/search?by_title=In, remote address - 127.0.0.1
31-07-2026 11:54:44 [INFO] Start FilmServer application.
31-07-2026 11:54:44 [INFO] Load configuration files...
31-07-2026 11:54:44 [INFO] {"logging":{"log_dir":"./"},"connection":{"port":8080},"db":{"pathes":{"genres":"./data/genres.json","directors":"./data/directors.json","video":"./data/videos","films":"./data/films.json","actors":"./data/actors.json"}}}
31-07-2026 11:54:44 [INFO] Load configuration files - Ok.
31-07-2026 11:54:44 [INFO] Load data....
31-07-2026 11:54:44 [INFO] Load data - Ok.
31-07-2026 11:54:44 [INFO] Start http service...
31-07-2026 11:54:53 [INFO] Method - GET, target - /api/v1/films, remote address - 127.0.0.1
31-07-2026 11:56:51 [INFO] Start FilmServer application.
31-07-2026 11:56:51 [INFO] Load configuration files...
31-07-2026 11:56:51 [INFO] {"logging":{"log_dir":"./"},"connection":{"port":8080},"db":{"pathes":{"genres":"./data/genres.json","directors":"./data/directors.json","video":"./data/videos","films":"./data/films.json","actors":"./data/actors.json"}}}
31-07-2026 11:56:51 [INFO] Load configuration files - Ok.
31-07-2026 11:56:51 [INFO] Load data....
31-07-2026 11:56:51 [INFO] Load data - Ok.
31-07-2026 11:56:51 [INFO] Start http service...
31-07-2026 11:56:57 [INFO] Method - GET, target - /api/v1/films, remote address - 127.0.0.1
31-07-2026 12:00:43 [INFO] Start FilmServer application.
31-07-2026 12:00:43 [INFO] Load configuration files...
31-07-2026 12:00:43 [INFO] {"logging":{"log_dir":"./"},"connection":{"port":8080},"db":{"pathes":{"genres":"./data/genres.json","directors":"./data/directors.json","video":"./data/videos","films":"./data/films.json","actors":"./data/actors.json"}}}
31-07-2026 12:00:43 [INFO] Load configuration files - Ok.
31-07-2026 12:00:43 [INFO] Load data....
31-07-2026 12:00:43 [INFO] Load data - Ok.
31-07-2026 12:00:43 [INFO] Start http service...
31-07-2026 12:00:52 [INFO] Method - GET, target - /api/v1/films, remote address - 127.0.0.1
31-07-2026 12:12:05 [INFO] Start FilmServer application.
31-07-2026 12:12:05 [INFO] Load configuration files...
31-07-2026 12:12:05 [INFO] {"logging":{"log_dir":"./"},"connection":{"port":8080},"db":{"pathes":{"genres":"./data/genres.json","directors":"./data/directors.json","video":"./data/videos","films":"./data/films.json","actors":"./data/actors.json"}}}
31-07-2026 12:12:05 [INFO] Load configuration files - Ok.
31-07-2026 12:12:05 [INFO] Load data....
31-07-2026 12:12:05 [INFO] Load data - Ok.
31-07-2026 12:12:05 [INFO] Start http service...
31-07-2026 12:12:25 [INFO] Method - GET, target - /api/v1/search?by_genre=Scвоовово, remote address - 127.0.0.1
31-07-2026 12:12:44 [INFO] Method - GET, target - /api/v1/search?by_genre=Scвоовово, remote address - 127.0.0.1
31-07-2026 12:15:40 [INFO] Start FilmServer application.
31-07-2026 12:15:40 [INFO] Load configuration files...
31-07-2026 12:15:40 [INFO] {"logging":{"log_dir":"./"},"connection":{"port":8080},"db":{"pathes":{"genres":"./data/genres.json","directors":"./data/directors.json","video":"./data/videos","films":"./data/films.json","actors":"./data/actors.json"}}}
31-07-2026 12:15:40 [INFO] Load configuration files - Ok.
31-07-2026 12:15:40 [INFO] Load data....
31-07-2026 12:15:40 [INFO] Load data - Ok.
31-07-2026 12:15:40 [INFO] Start http service...
31-07-2026 12:15:51 [INFO] Method - GET, target - /api/v1/films, remote address - 127.0.0.1
31-07-2026 12:16:40 [INFO] Method - GET, target - /api/v1/search?by_genre=Scвоовово, remote address - 127.0.0.1
31-07-2026 12:16:53 [INFO] Method - GET, target - /api/v1/search?by_genre=Sci-Fi, remote address - 127.0.0.1
31-07-2026 14:40:34 [INFO] Start FilmServer application.
31-07-2026 14:40:34 [INFO] Load configuration files...
31-07-2026 14:40:34 [INFO] {"logging":{"log_dir":"./"},"connection":{"port":8080},"db":{"pathes":{"genres":"./data/genres.json","directors":"./data/directors.json","video":"./data/videos","films":"./data/films.json","actors":"./data/actors.json"}}}
31-07-2026 14:40:34 [INFO] Load configuration files - Ok.
31-07-2026 14:40:34 [INFO] Load data....
31-07-2026 14:40:34 [INFO] Load data - Ok.
31-07-2026 14:40:34 [INFO] Start http service...
31-07-2026 14:41:08 [INFO] Method - GET, target - /api/v1/search?by_genre=Sci-Fi, remote address - 127.0.0.1
31-07-2026 15:57:25 [INFO] Start FilmServer application.
31-07-2026 15:57:25 [INFO] Load configuration files...
31-07-2026 15:57:25 [INFO] {"logging":{"log_dir":"./"},"connection":{"port":8080},"db":{"pathes":{"genres":"./data/genres.json","directors":"./data/directors.json","video":"./data/videos","films":"./data/films.json","actors":"./data/actors.json"}}}
31-07-2026 15:57:25 [INFO] Load configuration files - Ok.
31-07-2026 15:57:25 [INFO] Load data....
31-07-2026 15:57:25 [INFO] Load data - Ok.
31-07-2026 15:57:25 [INFO] Start http service...
31-07-2026 16:55:48 [INFO] Start FilmServer application.
31-07-2026 16:55:48 [INFO] Load configuration files...
31-07-2026 16:55:48 [INFO] {"logging":{"log_dir":"./"},"connection":{"port":8080},"db":{"pathes":{"genres":"./data/genres.json","directors":"./data/directors.json","video":"./data/videos","films":"./data/films.json","actors":"./data/actors.json"}}}
31-07-2026 16:55:48 [INFO] Load configuration files - Ok.
31-07-2026 16:55:48 [INFO] Load data....
31-07-2026 16:55:48 [INFO] Load data - Ok.
31-07-2026 16:55:48 [INFO] Start http service...
