29-07-2026 14:59:39 [INFO] Start FilmServer application.
29-07-2026 14:59:39 [INFO] Load configuration files...
29-07-2026 14:59:39 [INFO] {"logging":{"log_dir":"./"},"connection":{"port":8080},"db":{"pathes":{"genres":"./data/genres.json","directors":"./data/directors.json","video":"./data/videos","films":"./data/films.json","actors":"./data/actors.json"}}}
29-07-2026 14:59:39 [INFO] Load configuration files - Ok.
29-07-2026 14:59:39 [INFO] Load data....
29-07-2026 14:59:39 [INFO] Load data - Ok.
29-07-2026 14:59:39 [INFO] Start http service...
29-07-2026 14:59:46 [INFO] Method - GET, target - /api/v1/search?by_genre=Sci-Fi, remote address - 127.0.0.1
29-07-2026 15:00:02 [INFO] Method - GET, target - /api/v1/search?by_genre=Sci-Fi, remote address - 127.0.0.1
29-07-2026 18:16:21 [INFO] Start FilmServer application.
29-07-2026 18:16:21 [INFO] Load configuration files...
29-07-2026 18:16:21 [INFO] {"logging":{"log_dir":"./"},"connection":{"port":8080},"db":{"pathes":{"genres":"./data/genres.json","directors":"./data/directors.json","video":"./data/videos","films":"./data/films.json","actors":"./data/actors.json"}}}
29-07-2026 18:16:21 [INFO] Load configuration files - Ok.
29-07-2026 18:16:21 [INFO] Load data....
29-07-2026 18:16:21 [INFO] Load data - Ok.
29-07-2026 18:16:21 [INFO] Start http service...
29-07-2026 18:16:32 [INFO] Method - GET, target - /api/v1/search?by_genre=Sci-Fi, remote address - 127.0.0.1
29-07-2026 18:17:31 [INFO] Start FilmServer application.
29-07-2026 18:17:31 [INFO] Load configuration files...
29-07-2026 18:17:31 [INFO] {"logging":{"log_dir":"./"},"connection":{"port":8080},"db":{"pathes":{"genres":"./data/genres.json","directors":"./data/directors.json","video":"./data/videos","films":"./data/films.json","actors":"./data/actors.json"}}}
29-07-2026 18:17:31 [INFO] Load configuration files - Ok.
29-07-2026 18:17:31 [INFO] Load data....
29-07-2026 18:17:31 [INFO] Load data - Ok.
29-07-2026 18:17:31 [INFO] Start http service...
29-07-2026 18:17:46 [INFO] Method - GET, target - /api/v1/search?by_genre=Sci-Fi, remote address - 127.0.0.1
29-07-2026 18:18:16 [INFO] Method - GET, target - /api/v1/search?by_genre=Sci-Fiffff, remote address - 127.0.0.1
29-07-2026 18:19:41 [INFO] Method - GET, target - /api/v1/search?by_genre=Sci-Fiffff, remote address - 127.0.0.1
29-07-2026 18:20:20 [INFO] Method - GET, target - /api/v1/search?by_genre=Sci-Fiffff, remote address - 127.0.0.1
29-07-2026 18:24:10 [INFO] Start FilmServer application.
29-07-2026 18:24:10 [INFO] Load configuration files...
29-07-2026 18:24:10 [INFO] {"logging":{"log_dir":"./"},"connection":{"port":8080},"db":{"pathes":{"genres":"./data/genres.json","directors":"./data/directors.json","video":"./data/videos","films":"./data/films.json","actors":"./data/actors.json"}}}
29-07-2026 18:24:10 [INFO] Load configuration files - Ok.
29-07-2026 18:24:10 [INFO] Load data....
29-07-2026 18:24:10 [INFO] Load data - Ok.
29-07-2026 18:24:10 [INFO] Start http service...
29-07-2026 18:24:15 [INFO] Method - GET, target - /api/v1/search?by_genre=Sci-Fiffff, remote address - 127.0.0.1
29-07-2026 18:26:14 [INFO] Start FilmServer application.
29-07-2026 18:26:14 [INFO] Load configuration files...
29-07-2026 18:26:14 [INFO] {"logging":{"log_dir":"./"},"connection":{"port":8080},"db":{"pathes":{"genres":"./data/genres.json","directors":"./data/directors.json","video":"./data/videos","films":"./data/films.json","actors":"./data/actors.json"}}}
29-07-2026 18:26:14 [INFO] Load configuration files - Ok.
29-07-2026 18:26:14 [INFO] Load data....
29-07-2026 18:26:14 [INFO] Load data - Ok.
29-07-2026 18:26:14 [INFO] Start http service...
29-07-2026 18:26:20 [INFO] Method - GET, target - /api/v1/search?by_genre=Sci-Fiffff, remote address - 127.0.0.1
29-07-2026 18:29:52 [INFO] Start FilmServer application.
29-07-2026 18:29:52 [INFO] Load configuration files...
29-07-2026 18:29:52 [INFO] {"logging":{"log_dir":"./"},"connection":{"port":8080},"db":{"pathes":{"genres":"./data/genres.json","directors":"./data/directors.json","video":"./data/videos","films":"./data/films.json","actors":"./data/actors.json"}}}
29-07-2026 18:29:52 [INFO] Load configuration files - Ok.
29-07-2026 18:29:52 [INFO] Load data....
29-07-2026 18:29:52 [INFO] Load data - Ok.
29-07-2026 18:29:52 [INFO] Start http service...
29-07-2026 18:29:57 [INFO] Method - GET, target - /api/v1/search?by_genre=Sci-Fiffff, remote address - 127.0.0.1
29-07-2026 18:31:48 [INFO] Method - GET, target - /api/v1/search?by_genre=Sci-Fi, remote address - 127.0.0.1
29-07-2026 20:29:37 [INFO] Start FilmServer application.
29-07-2026 20:29:37 [INFO] Load configuration files...
29-07-2026 20:29:42 [INFO] {"logging":{"log_dir":"./"},"connection":{"port":8080},"db":{"pathes":{"genres":"./data/genres.json","directors":"./data/directors.json","video":"./data/videos","films":"./data/films.json","actors":"./data/actors.json"}}}
29-07-2026 20:29:42 [INFO] Load configuration files - Ok.
29-07-2026 20:29:42 [INFO] Load data....
29-07-2026 20:29:42 [INFO] Load data - Ok.
29-07-2026 20:29:42 [INFO] Start http service...
29-07-2026 20:31:40 [INFO] Start FilmServer application.
29-07-2026 20:31:40 [INFO] Load configuration files...
29-07-2026 20:31:40 [INFO] {"logging":{"log_dir":"./"},"connection":{"port":8080},"db":{"pathes":{"genres":"./data/genres.json","directors":"./data/directors.json","video":"./data/videos","films":"./data/films.json","actors":"./data/actors.json"}}}
29-07-2026 20:31:40 [INFO] Load configuration files - Ok.
29-07-2026 20:31:40 [INFO] Load data....
29-07-2026 20:31:40 [INFO] Load data - Ok.
29-07-2026 20:31:40 [INFO] Start http service...
29-07-2026 20:33:47 [INFO] Method - GET, target - /api/v1/films, remote address - 127.0.0.1
29-07-2026 21:16:06 [INFO] Start FilmServer application.
29-07-2026 21:16:06 [INFO] Load configuration files...
29-07-2026 21:16:06 [INFO] {"logging":{"log_dir":"./"},"connection":{"port":8080},"db":{"pathes":{"genres":"./data/genres.json","directors":"./data/directors.json","video":"./data/videos","films":"./data/films.json","actors":"./data/actors.json"}}}
29-07-2026 21:16:06 [INFO] Load configuration files - Ok.
29-07-2026 21:16:06 [INFO] Load data....
29-07-2026 21:16:06 [INFO] Load data - Ok.
29-07-2026 21:16:06 [INFO] Start http service...
29-07-2026 21:16:22 [INFO] Method - GET, target - /api/v1/films?by_title=The%20Dark%20Knight, remote address - 127.0.0.1
