03-08-2026 16:52:42 [INFO] Load configuration files...
03-08-2026 16:52:42 [INFO] Load configuration files - Ok.
03-08-2026 16:52:42 [INFO] Load data....
03-08-2026 16:52:42 [INFO] Load data - Ok.
03-08-2026 16:52:42 [INFO] Start http service...
03-08-2026 16:54:22 [INFO] Load configuration files...
03-08-2026 16:54:22 [INFO] Load configuration files - Ok.
03-08-2026 16:54:22 [INFO] Load data....
03-08-2026 16:54:22 [INFO] Load data - Ok.
03-08-2026 16:54:22 [INFO] Start http service...
03-08-2026 16:54:36 [INFO] Method - GET, target - /api/v1/stats, remote address - 127.0.0.1
03-08-2026 17:00:12 [INFO] Load configuration files...
03-08-2026 17:00:12 [INFO] Load configuration files - Ok.
03-08-2026 17:00:12 [INFO] Load data....
03-08-2026 17:00:12 [INFO] Load data - Ok.
03-08-2026 17:00:12 [INFO] Start http service...
03-08-2026 17:00:25 [INFO] Method - GET, target - /api/v1/stats, remote address - 127.0.0.1
03-08-2026 17:01:41 [INFO] Load configuration files...
03-08-2026 17:01:41 [INFO] Load configuration files - Ok.
03-08-2026 17:01:41 [INFO] Load data....
03-08-2026 17:01:41 [INFO] Load data - Ok.
03-08-2026 17:01:41 [INFO] Start http service...
03-08-2026 17:01:46 [INFO] Method - GET, target - /api/v1/stats, remote address - 127.0.0.1
03-08-2026 17:02:27 [INFO] Load configuration files...
03-08-2026 17:02:27 [INFO] Load configuration files - Ok.
03-08-2026 17:02:27 [INFO] Load data....
03-08-2026 17:02:27 [INFO] Load data - Ok.
03-08-2026 17:02:27 [INFO] Start http service...
03-08-2026 17:02:36 [INFO] Method - GET, target - /api/v1/stats, remote address - 127.0.0.1
03-08-2026 17:04:52 [INFO] Load configuration files...
03-08-2026 17:04:52 [INFO] Load configuration files - Ok.
03-08-2026 17:04:52 [INFO] Load data....
03-08-2026 17:04:52 [INFO] Load data - Ok.
03-08-2026 17:04:52 [INFO] Start http service...
03-08-2026 17:04:57 [INFO] Method - GET, target - /api/v1/stats, remote address - 127.0.0.1
03-08-2026 17:10:19 [INFO] Load configuration files...
03-08-2026 17:10:19 [INFO] Load configuration files - Ok.
03-08-2026 17:10:19 [INFO] Load data....
03-08-2026 17:10:19 [INFO] Load data - Ok.
03-08-2026 17:10:19 [INFO] Start http service...
03-08-2026 17:10:24 [INFO] Method - GET, target - /api/v1/stats, remote address - 127.0.0.1
03-08-2026 17:12:53 [INFO] Load configuration files...
03-08-2026 17:12:53 [INFO] Load configuration files - Ok.
03-08-2026 17:12:53 [INFO] Load data....
03-08-2026 17:12:53 [INFO] Load data - Ok.
03-08-2026 17:12:53 [INFO] Start http service...
03-08-2026 17:12:59 [INFO] Method - GET, target - /api/v1/stats, remote address - 127.0.0.1
